
HiZ>
HiZ>m
1. HiZ
2. 1-WIRE
3. UART
4. I2C
5. SPI
6. 2WIRE
7. 3WIRE
8. LCD
x. exit(without change)

(1)>3
Set serial port speed: (bps)
 1. 300
 2. 1200
 3. 2400
 4. 4800
 5. 9600
 6. 19200
 7. 38400
 8. 57600
 9. 115200
10. BRG raw value

(1)>9
Data bits and parity:
 1. 8, NONE *default
 2. 8, EVEN
 3. 8, ODD
 4. 9, NONE
(1)>
Stop bits:
 1. 1 *default
 2. 2
(1)>
Receive polarity:
 1. Idle 1 *default
 2. Idle 0
(1)>
Select output type:
 1. Open drain (H=Hi-Z, L=GND)
 2. Normal (H=3.3V, L=GND)

(1)>
Ready
UART>(3)
UART bridge
Reset to exit
Are you sure? y

init_fuel_gauge: vcell = 4112mV, soc = 91, rcomp = d000
reading nps status file is successfully!.
nps status=0x504d4f43
PMIC_IRQ1    = 0x80
PMIC_IRQ2    = 0x0
PMIC_IRQ3    = 0x1
PMIC_IRQ4    = 0x0
PMIC_STATUS1 = 0x80
PMIC_STATUS2 = 0x0
get_debug_level current debug level is 0x574f4c44.
aries_process_platform: Debug Level Low
keypad_scan: key value ----------------->= 0x70
CONFIG_ARIES_REV:48 , CONFIG_ARIES_REV03:48
keypad_scan: KEY_RECOVERY value ----------------->= 0x70
check_download: micorusb_status1 = 8, key_value = 70
aries_process_platform: final s1 booting mode = 0
DISPLAY_PATH_SEL[MDNIE 0x1]is on
MDNIE setting Init start!!
vsync interrupt is off
video interrupt is off
[fb0] turn on
MDNIE setting Init end!!

Autoboot (0 seconds) in progress, press any key to stop
get_debug_level current debug level is 0x574f4c44.
get_debug_level current debug level is 0x574f4c44.
boot_kernel: Debug Level Low
FOTA Check Bit
 Read BML page=, NumPgs=
FOTA Check Bit (0xffffffff)
Load Partion idx = (6)
..............................done
Kernel read success from kernel partition no.6, idx.6.
setting param.serialnr=0x3733b898 0x1ffc00ec
setting param.board_rev=0x30
setting param.cmdline=bootmode=2 console=ttySAC2,115200 loglevel=8 no_console_suspend init=/init

Starting kernel at 0x32000000...

Uncompressing Linux... done, booting the kernel.
[    0.000000] Initializing cgroup subsys cpu
[    0.000000] Linux version 3.0.8-g54d09f2-dirty (bryan@umactu) (gcc version 4.4.3 (GCC) ) #12 PREEMPT Sun Jul 29 04:20:29 PDT 2012
[    0.000000] CPU: ARMv7 Processor [412fc082] revision 2 (ARMv7), cr=10c53c7f
[    0.000000] CPU: VIPT nonaliasing data cache, VIPT aliasing instruction cache
[    0.000000] Machine: aries
[    0.000000] Memory policy: ECC disabled, Data cache writeback
[    0.000000] CPU S5PV210/S5PC110 (id 0x43110222)
[    0.000000] s5pv210_init_clocks: initializing clocks
[    0.000000] S3C24XX Clocks, Copyright 2004 Simtec Electronics
[    0.000000] s3c24xx_register_clock: new clock sclk_csis, id -1, dev   (null) uses same enable bit as mout_csis, id -1, dev   (null)
[    0.000000] s3c24xx_register_clock: new clock lcd, id -1, dev   (null) uses same enable bit as sclk_fimd, id -1, dev   (null)
[    0.000000] s3c24xx_register_clock: new clock mfc, id -1, dev   (null) uses same enable bit as sclk_mfc, id -1, dev   (null)
[    0.000000] s3c24xx_register_clock: new clock iis, id 0, dev   (null) uses same enable bit as i2s_v50, id 0, dev   (null)
[    0.000000] s5pv210_setup_clocks: registering clocks
[    0.000000] s5pv210_setup_clocks: clkdiv0 = 14131330, clkdiv1 = 00300400
[    0.000000] s5pv210_setup_clocks: xtal is 24000000
[    0.000000] S5PV210: PLL settings, A=800000000, M=667000000, E=96000000 V=54000000
[    0.000000] S5PV210: ARMCLK=800000000, HCLKM=200000000, HCLKD=166750000
[    0.000000] HCLKP=133400000, PCLKM=100000000, PCLKD=83375000, PCLKP=66700000
[    0.000000] sclk_dmc: source is mout_mpll (1), rate is 166750000
[    0.000000] sclk_onenand: source is hclk_dsys (1), rate is 166750000
[    0.000000] sclk: source is mout_mpll (6), rate is 133400000
[    0.000000] sclk: source is mout_mpll (6), rate is 66700000
[    0.000000] sclk: source is mout_mpll (6), rate is 66700000
[    0.000000] sclk: source is mout_mpll (6), rate is 66700000
[    0.000000] sclk_mixer: source is sclk_dac (0), rate is 54000000
[    0.000000] sclk_fimc: source is ext_xtal (0), rate is 24000000
[    0.000000] sclk_fimc: source is ext_xtal (0), rate is 24000000
[    0.000000] sclk_fimc: source is ext_xtal (0), rate is 24000000
[    0.000000] sclk_cam: source is xusbxti (1), rate is 24000000
[    0.000000] sclk_cam: source is ext_xtal (0), rate is 24000000
[    0.000000] sclk_fimd: source is mout_mpll (6), rate is 166750000
[    0.000000] sclk_mmc: source is mout_mpll (6), rate is 51307692
[    0.000000] sclk_mmc: source is mout_mpll (6), rate is 47642857
[    0.000000] sclk_mmc: source is mout_mpll (6), rate is 47642857
[    0.000000] sclk_mmc: source is mout_mpll (6), rate is 47642857
[    0.000000] sclk_mfc: source is sclk_a2m (0), rate is 200000000
[    0.000000] sclk_fimg2d: source is sclk_a2m (0), rate is 200000000
[    0.000000] sclk: source is mout_mpll (1), rate is 66700000
[    0.000000] sclk_csis: source is ext_xtal (0), rate is 24000000
[    0.000000] sclk_spi: source is mout_epll (7), rate is 96000000
[    0.000000] sclk_spi: source is mout_epll (7), rate is 96000000
[    0.000000] sclk_pwi: source is ext_xtal (0), rate is 24000000
[    0.000000] sclk_pwm: source is ext_xtal (0), rate is 24000000
[    0.000000] sclk_mdnie: source is mout_mpll (6), rate is 166750000
[    0.000000] sclk_mdnie_pwm: source is ext_xtal (0), rate is 24000000
[    0.000000] s5p: 14680064 bytes system memory reserved for mfc at 0x34200000, 0-bank base(0x34200000)
[    0.000000] s5p: 22020096 bytes system memory reserved for mfc at 0x4eb00000, 1-bank base(0x4eb00000)
[    0.000000] s5p: 12582912 bytes system memory reserved for fimc0 at 0x4df00000, 1-bank base(0x4df00000)
[    0.000000] s5p: 12582912 bytes system memory reserved for fimc2 at 0x4d300000, 1-bank base(0x4d300000)
[    0.000000] s5p: 4194304 bytes system memory reserved for jpeg at 0x33e00000, 0-bank base(0x33e00000)
[    0.000000] s5p: 15360000 bytes system memory reserved for fimd at 0x4c45a000, 1-bank base(0x4c45a000)
[    0.000000] On node 0 totalpages: 98650
[    0.000000]   Normal zone: 1278 pages used for memmap
[    0.000000]   Normal zone: 0 pages reserved
[    0.000000]   Normal zone: 97372 pages, LIFO batch:31
[    0.000000] pcpu-alloc: s0 r0 d32768 u32768 alloc=1*32768
[    0.000000] pcpu-alloc: [0] 0
[    0.000000] Built 1 zonelists in Zone order, mobility grouping on.  Total pages: 97372
[    0.000000] Kernel command line: bootmode=2 console=ttySAC2,115200 loglevel=8 no_console_suspend init=/init
[    0.000000] PID hash table entries: 2048 (order: 1, 8192 bytes)
[    0.000000] Dentry cache hash table entries: 65536 (order: 6, 262144 bytes)
[    0.000000] Inode-cache hash table entries: 32768 (order: 5, 131072 bytes)
[    0.000000] Memory: 62MB 196MB 127MB = 385MB total
[    0.000000] Memory: 378172k/457684k available, 16428k reserved, 0K highmem
[    0.000000] Virtual kernel memory layout:
[    0.000000]     vector  : 0xffff0000 - 0xffff1000   (   4 kB)
[    0.000000]     fixmap  : 0xfff00000 - 0xfffe0000   ( 896 kB)
[    0.000000]     DMA     : 0xff000000 - 0xffe00000   (  14 MB)
[    0.000000]     vmalloc : 0xe8000000 - 0xfc000000   ( 320 MB)
[    0.000000]     lowmem  : 0xc0000000 - 0xe7f00000   ( 639 MB)
[    0.000000]     modules : 0xbf000000 - 0xc0000000   (  16 MB)
[    0.000000]       .init : 0xc0008000 - 0xc00c8000   ( 768 kB)
[    0.000000]       .text : 0xc00c8000 - 0xc0a60000   (9824 kB)
[    0.000000]       .data : 0xc0a60000 - 0xc0aabd40   ( 304 kB)
[    0.000000]        .bss : 0xc0aabd64 - 0xc0bf0f98   (1301 kB)
[    0.000000] SLUB: Genslabs=11, HWalign=64, Order=0-3, MinObjects=0, CPUs=1, Nodes=1
[    0.000000] Preemptible hierarchical RCU implementation.
[    0.000000] NR_IRQS:339
[    0.000000] VIC @fc000000: id 0x00041192, vendor 0x41
[    0.000000] VIC @fc010000: id 0x00041192, vendor 0x41
[    0.000000] VIC @fc020000: id 0x00041192, vendor 0x41
[    0.000000] VIC @fc030000: id 0x00041192, vendor 0x41
[    0.000000] mult[140737]
[    0.000000] max_delta_ns[2937815369]
[    0.000000] min_delta_ns[30517]
[    0.000000] rate[32768]
[    0.000000] HZ[256]
[    0.000000] Console: colour dummy device 80x30
[    0.000000] console [ttySAC2] enabled
[    0.542659] Calibrating delay loop... 795.12 BogoMIPS (lpj=1554432)
[    0.575325] pid_max: default: 32768 minimum: 301
[    0.580069] Mount-cache hash table entries: 512
[    0.584726] Initializing cgroup subsys debug
[    0.588679] Initializing cgroup subsys cpuacct
[    0.593100] Initializing cgroup subsys freezer
[    0.597531] CPU: Testing write buffer coherency: ok
[    0.604408] print_constraints: dummy:
[    0.606829] NET: Registered protocol family 16
[    0.615628] ram_console: got buffer at 57f00000, size ff000
[    0.619904] ram_console: uncorrectable error in header
[    0.624841] ram_console: no valid data in buffer (sig = 0xffffffff)
[    0.641456] console [ram-1] enabled
[    0.643637] S5PC110 Hardware version : EVT1
[    0.647779] HWREV is 0xd
[    0.650696] S3C Power Management, Copyright 2004 Simtec Electronics
[    0.656456] pmstats at 57fff000
[    0.659650] invalid media device
[    0.662780] invalid media device
[    0.665989] Universal :SD Detect configuration
[    0.671232] S5PV210: Initializing architecture
[    0.675136] s3c24xx-pwm s3c24xx-pwm.0: tin at 66700000, tdiv at 66700000, tin=divclk, base 0
[    0.683334] s3c24xx-pwm s3c24xx-pwm.1: tin at 66700000, tdiv at 66700000, tin=divclk, base 8
[    0.691732] s3c24xx-pwm s3c24xx-pwm.2: tin at 66700000, tdiv at 66700000, tin=divclk, base 12
[    0.700163] s3c24xx-pwm s3c24xx-pwm.3: tin at 66700000, tdiv at 66700000, tin=divclk, base 16
[    0.708821] print_constraints: pd_audio_supply: 5000 mV normal
[    0.714689] print_constraints: pd_cam_supply: 5000 mV normal
[    0.720351] print_constraints: pd_tv_supply: 5000 mV normal
[    0.726027] print_constraints: pd_lcd_supply: 5000 mV normal
[    0.731678] print_constraints: pd_g3d_supply: 5000 mV normal
[    0.737463] print_constraints: pd_mfc_supply: 5000 mV normal
[    0.748189] bio: create slab <bio-0> at 0
[    0.751415] SCSI subsystem initialized
[    0.754728] usbcore: registered new interface driver usbfs
[    0.760058] usbcore: registered new interface driver hub
[    0.765418] usbcore: registered new device driver usb
[    0.770585] i2c-gpio i2c-gpio.4: using pins 247 (SDA) and 246 (SCL)
[    0.776727] i2c-gpio i2c-gpio.5: using pins 203 (SDA) and 204 (SCL)
[    0.782968] max8998 6-0066: No interrupt base specified, no interrupts
[    0.790950] i2:10, buck2_idx:0
[    0.793952] print_constraints: VALIVE_1.2V: 1200 mV
[    0.798162] print_constraints: VUSB_1.1V: 1100 mV
[    0.803297] print_constraints: VADC_3.3V: 3300 mV
[    0.807630] print_constraints: VTF_2.8V: 2800 mV
[    0.812365] print_constraints: VLCD_1.8V: 1800 mV
[    0.817066] print_constraints: VUSB_3.3V: 3300 mV
[    0.822338] print_constraints: VCC_2.8V_PDA: 2800 mV
[    0.826874] print_constraints: CAM_AF_3.0V: 3000 mV
[    0.831867] print_constraints: CAM_SENSOR_CORE_1.2V: 1200 mV
[    0.837522] print_constraints: VGA_VDDIO_2.8V: 2800 mV
[    0.842786] print_constraints: VGA_DVDD_1.8V: 1800 mV
[    0.847858] print_constraints: CAM_ISP_HOST_2.8V: 2800 mV
[    0.853307] print_constraints: VGA_AVDD_2.8V: 2800 mV
[    0.858471] print_constraints: VCC_3.0V_LCD: 3000 mV
[    0.863265] print_constraints: VDD_ARM: 750 <--> 1500 mV at 1200 mV
[    0.869637] print_constraints: VDD_INT: 750 <--> 1500 mV at 1100 mV
[    0.876416] print_constraints: VCC_1.8V: 1800 mV
[    0.880586] print_constraints: CAM_ISP_CORE_1.2V: 1200 mV
[    0.885840] i2c i2c-6: Failed to register i2c client rtc_max8998 at 0x06 (-16)
[    0.892931] i2c i2c-6: Can't create device at 0x06
[    0.897632] i2c-gpio i2c-gpio.6: using pins 206 (SDA) and 209 (SCL)
[    0.904063] i2c-gpio i2c-gpio.7: using pins 201 (SDA) and 202 (SCL)
[    0.910301] i2c-gpio i2c-gpio.9: using pins 245 (SDA) and 244 (SCL)
[    0.916483] i2c-gpio i2c-gpio.11: using pins 114 (SDA) and 98 (SCL)
[    0.922794] i2c-gpio i2c-gpio.12: using pins 173 (SDA) and 172 (SCL)
[    0.929048] i2c-gpio i2c-gpio.10: using pins 197 (SDA) and 198 (SCL)
[    0.935501] s3c-i2c s3c2440-i2c.0: i2c-0: S3C I2C adapter
[    0.940728] s3c-i2c s3c2440-i2c.1: i2c-1: S3C I2C adapter
[    0.946214] s3c-i2c s3c2440-i2c.2: i2c-2: S3C I2C adapter
[    0.951582] Advanced Linux Sound Architecture Driver Version 1.0.24.
[    0.958121] Bluetooth: Core ver 2.16
[    0.961278] NET: Registered protocol family 31
[    0.965717] Bluetooth: HCI device and connection manager initialized
[    0.971981] Bluetooth: HCI socket layer initialized
[    0.976894] Bluetooth: L2CAP socket layer initialized
[    0.981869] Bluetooth: SCO socket layer initialized
[    0.987112] Switching to clocksource clock_source_systimer
[    0.992273] cfg80211: Calling CRDA to update world regulatory domain
[    0.999920] Switched to NOHz mode on CPU #0
[    1.005786] NET: Registered protocol family 2
[    1.008919] IP route cache hash table entries: 4096 (order: 2, 16384 bytes)
[    1.016281] TCP established hash table entries: 16384 (order: 5, 131072 bytes)
[    1.023132] TCP bind hash table entries: 16384 (order: 4, 65536 bytes)
[    1.029577] TCP: Hash tables configured (established 16384 bind 16384)
[    1.035931] TCP reno registered
[    1.038990] UDP hash table entries: 256 (order: 0, 4096 bytes)
[    1.044804] UDP-Lite hash table entries: 256 (order: 0, 4096 bytes)
[    1.051355] NET: Registered protocol family 1
[    1.058554] PMU: registered new PMU device of type 0
[    1.062545] clk_get: could not find clock emu_src_ck for dev s5pv210_etb_device+0x0/0x100 (etb)
[    1.229107] wake enabled for irq 165
[    1.231364] wake disabled for irq 165
[    1.235285] level device init
[    1.237952] S5PV210 ADC driver, (c) 2010 Samsung Electronics
[    1.243836] Loaded driver for PL330 DMAC-0 s3c-pl330
[    1.248449] 	DBUFF-64x8bytes Num_Chans-8 Num_Peri-2 Num_Events-32
[    1.254646] Loaded driver for PL330 DMAC-1 s3c-pl330
[    1.259450] 	DBUFF-8x4bytes Num_Chans-8 Num_Peri-32 Num_Events-32
[    1.265646] Loaded driver for PL330 DMAC-2 s3c-pl330
[    1.270454] 	DBUFF-8x4bytes Num_Chans-8 Num_Peri-32 Num_Events-32
[    1.284545] ashmem: initialized
[    1.293495] ROMFS MTD (C) 2007 Red Hat, Inc.
[    1.296529] yaffs: yaffs built Jul 29 2012 04:13:38 Installing.
[    1.302288] msgmni has been set to 738
[    1.307078] io scheduler noop registered
[    1.309964] io scheduler deadline registered
[    1.314249] io scheduler cfq registered (default)
[    1.319628] MDNIE  INIT ..........
[    1.322239] S3C MDNIE Driver, (c) 2010 Samsung Electronics
[    1.327672] MDNIE  INIT SUCCESS Addr : 0xe8034000
[    1.332392] IELCD  INIT ..........
[    1.335707] S3C IELCD Driver, (c) 2010 Samsung Electronics
[    1.341172] IELCD  INIT SUCCESS Addr : 0xe8040000
[    1.346458] s3cfb s3cfb: [fb2] dma: 0x4c8bf000, cpu: 0xe9000000, size: 0x00a41000
[    1.365659] FIMD src sclk = 166750000
[    1.367987] s3cfb s3cfb: pixclock adjusted from 39019 to 41979
[    1.373742] [mDNIe] mDNIe_tuning_initialize: addr(0x84), data(0x0)
[    1.380123] [mDNIe] mDNIe_tuning_initialize: addr(0x90), data(0x0)
[    1.386413] [mDNIe] mDNIe_tuning_initialize: addr(0x94), data(0xfff)
[    1.392887] [mDNIe] mDNIe_tuning_initialize: addr(0x98), data(0x5c)
[    1.399362] [mDNIe] mDNIe_tuning_initialize: addr(0x9c), data(0x10)
[    1.405710] [mDNIe] mDNIe_tuning_initialize: addr(0xac), data(0x0)
[    1.412097] [mDNIe] mDNIe_tuning_initialize: addr(0xb4), data(0x3ff)
[    1.418537] [mDNIe] mDNIe_Set_Mode: current_mDNIe_UI(6), current_mDNIe_OutDoor_OnOff(0)
[    1.426780] s3cfb s3cfb: registered successfully
[    1.431642] s5pv210-uart.0: s3c2410_serial0 at MMIO 0xe2900000 (irq = 16) is a S3C6400/10
[    1.443982] s5pv210-uart.1: s3c2410_serial1 at MMIO 0xe2900400 (irq = 20) is a S3C6400/10
[    1.455703] s5pv210-uart.2: s3c2410_serial2 at MMIO 0xe2900800 (irq = 24) is a S3C6400/10
[    1.467411] s5pv210-uart.3: s3c2410_serial3 at MMIO 0xe2900c00 (irq = 28) is a S3C6400/10
[    1.479928] PA FB = 0x4C8BF000, bits per pixel = 32
[    1.483510] screen width=480 height=800 va=0xdc8bf000 pa=0x4c8bf000
[    1.489649] xres_virtual = 480, yres_virtual = 5600, xoffset = 0, yoffset = 0
[    1.496815] fb_size=10752000
[    1.499616] Back frameBuffer[0].VAddr=dca36000 PAddr=4ca36000 size=1536000
[    1.506525] Back frameBuffer[1].VAddr=dcbad000 PAddr=4cbad000 size=1536000
[    1.513316] Video Y Buffer[0].VAddr=dcd24000 PAddr=4cd24000 size=921600
[    1.519960] Video Y Buffer[1].VAddr=dce05000 PAddr=4ce05000 size=921600
[    1.526540] Video Y Buffer[2].VAddr=dcee6000 PAddr=4cee6000 size=921600
[    1.533062] Video UV Buffer[0].VAddr=dcfc7000 PAddr=4cfc7000 size=462848
[    1.539801] Video UV Buffer[1].VAddr=dd038000 PAddr=4d038000 size=462848
[    1.546408] Video UV Buffer[2].VAddr=dd0a9000 PAddr=4d0a9000 size=462848
[    1.556947] brd: module loaded
[    1.560602] loop: module loaded
[    1.562448] Android kernel panic handler initialized (bind=kpanic)
[    1.568498] Loading pn544 driver
[    1.571798] sec_jack_probe : Registering jack driver
[    1.576954] wake enabled for irq 38
[    1.580093] sec_jack_init_jack_state
[    1.583515] sec_jack_detect_irq_thread
[    1.587282] sec_jack_set_micbias_state: HWREV=13, on=1
[    1.592508] handle_jack_not_inserted
[    1.596100] sec_jack_set_micbias_state: HWREV=13, on=0
[    1.601167] sec_jack_set_micbias_state: HWREV=13, on=0
[    1.606286] sec_jack_set_micbias_state: HWREV=13, on=1
[    1.611457] handle_jack_not_inserted
[    1.614943] sec_jack_set_micbias_state: HWREV=13, on=0
[    1.620122] sec_jack_set_micbias_state: HWREV=13, on=0
[    1.626501] wake enabled for irq 167
[    1.629131] fsa9480 7-0025: dev1: 0x8, dev2: 0x0
[    1.633419] i2c-core: driver [fsa9480] using legacy resume method
[    1.639391] [modemctl_init]
[    1.642240] [modemctl_probe]
[    1.645158] modemctl xmm: PHONE ACTIVE: 0
[    1.649022] wake enabled for irq 47
[    1.652582] wake enabled for irq 171
[    1.656054] [onedram_init]
[    1.658746] [onedram_probe]
[    1.661835] wake enabled for irq 43
[    1.665164] [svnet_init]
[    1.668675] Muxed OneNAND 1024MB 1.8V 16-bit (0x60)
[    1.672339] OneNAND version = 0x0031
[    1.675928] Lock scheme is Continuous Lock
[    1.679956] Scanning device for bad blocks
[    1.684022] onenand_bbt_wait: read timeout! ctrl 0x0400 intr 0x8000 addr1 0x0 addr8 0x0
[    1.692049] onenand_scan_bbt: Can't scan flash and build the RAM-based BBT
[    1.698923] samsung-onenand: probe of s5pc110-onenand failed with error -14
[    1.799443] tl2796: c0, b-678eee6d, got v 2072000, factory wants 2072000
[    1.804809] tl2796: c1, b-73c0a832, got v 2093000, factory wants 2093000
[    1.811420] tl2796: c2, b-b18702ee, got v 1477000, factory wants 1477000
[    1.959624] tl2796_probe successfully proved
[    1.962632] PPP generic driver version 2.4.2
[    1.966921] PPP Deflate Compression module registered
[    1.971775] PPP BSD Compression module registered
[    1.977034] PPP MPPE Compression module registered
[    1.981250] NET: Registered protocol family 24
[    1.986950] tun: Universal TUN/TAP device driver, 1.6
[    1.990715] tun: (C) 1999-2004 Max Krasnyansky <maxk@qualcomm.com>
[    1.997047] s3c-udc : S3C HS USB Device Controller Driver, (c) 2008-2009 Samsung Electronics
[    1.997056] s3c-udc : version 15 March 2009 (DMA Mode)
[    2.011396] android_usb gadget: Mass Storage Function, version: 2009/09/11
[    2.017199] android_usb gadget: Number of LUNs=2
[    2.021838]  lun0: LUN: removable file: (no medium)
[    2.026625]  lun1: LUN: removable file: (no medium)
[    2.031680] android_usb gadget: android_usb ready
[    2.051338] Registered gadget driver 'android_usb'
[    2.054819] usbcore: registered new interface driver xpad
[    2.060221] usbcore: registered new interface driver usb_acecad
[    2.065994] acecad: v3.2:USB Acecad Flair tablet driver
[    2.071299] usbcore: registered new interface driver aiptek
[    2.076743] aiptek: v2.3 (May 2, 2007):Aiptek HyperPen USB Tablet Driver (Linux 2.6.x)
[    2.084684] aiptek: Bryan W. Headley/Chris Atenasio/Cedric Brun/Rene van Paassen
[    2.092095] usbcore: registered new interface driver gtco
[    2.097363] GTCO usb driver version: 2.00.0006
[    2.101711] usbcore: registered new interface driver hanwang
[    2.107456] usbcore: registered new interface driver kbtab
[    2.112940] kbtab: v0.0.2:USB KB Gear JamStudio Tablet driver
[    2.118633] usbcore: registered new interface driver wacom
[    2.124054] wacom: v1.52:USB Wacom tablet driver
[    2.128833] input: mxt224_ts_input as /devices/virtual/input/input0
[    2.175497] Atmel MXT224 2-004a: family = 0x80, variant = 0x1, version = 0x16, build = 171
[    2.260783] bma023 5-0038: bma023 found
[    2.263777] bma023 5-0038: al_version=2, ml_version=1
[    2.292644] input: accelerometer_sensor as /devices/virtual/input/input1
[    2.298353] input: magnetic_sensor as /devices/virtual/input/input2
[    2.304425] input: raw_magnetic_sensor as /devices/virtual/input/input3
[    2.315652] yas529 12-002e: [init] 0 DeviceID is 80 40
[    2.333316] i2c-core: driver [yas529] using legacy suspend method
[    2.338072] i2c-core: driver [yas529] using legacy resume method
[    2.344098] gp2a: proximity val = 0
[    2.347677] input: proximity as /devices/virtual/input/input4
[    2.353447] input: lightsensor-level as /devices/virtual/input/input5
[    2.360099] input: orientation_sensor as /devices/virtual/input/input6
[    2.366305] wake enabled for irq 166
[    2.369735] wake enabled for irq 170
[    2.373199] wake enabled for irq 169
[    2.376745] GPIO Input Driver: Start gpio inputs for aries-keypad in interrupt mode
[    2.384594] input: aries-keypad as /devices/virtual/input/input7
[    2.390770] max8998-rtc max8998-rtc: RTC CHIP NAME: max8998-rtc
[    2.396338] S3C24XX RTC, (c) 2004,2006 Simtec Electronics
[    2.402379] s3c-rtc s3c2410-rtc: rtc disabled, re-enabling
[    2.407163] s3c-rtc s3c2410-rtc: rtc disabled, re-enabling
[    2.412539] s3c-rtc s3c2410-rtc: rtc disabled, re-enabling
[    2.418060] s3c-rtc s3c2410-rtc: rtc disabled, re-enabling
[    2.423645] using rtc device, s3c, for alarms
[    2.427699] s3c-rtc s3c2410-rtc: rtc core: registered s3c as rtc0
[    2.433906] i2c /dev entries driver
[    2.438326] lirc_dev: IR Remote Control driver registered, major 250
[    2.443739] IR NEC protocol handler initialized
[    2.448235] IR RC5(x) protocol handler initialized
[    2.453065] IR RC6 protocol handler initialized
[    2.457505] IR JVC protocol handler initialized
[    2.462074] IR Sony protocol handler initialized
[    2.466604] IR RC5 (streamzap) protocol handler initialized
[    2.472216] IR LIRC bridge handler initialized
[    2.476568] Linux video capture interface: v2.00
[    2.481276] mfc_init: <6>S5PC110 MFC Driver, (c) 2009 Samsung Electronics
[    2.481283]
[    2.489747] S3C JPEG Driver, (c) 2007 Samsung Electronics
[    2.496185] JPEG driver for S5PV210
[    2.498713] i2c-core: driver [s5p_ddc] using legacy suspend method
[    2.504451] i2c-core: driver [s5p_ddc] using legacy resume method
[    2.512172] max17040 9-0036: MAX17040 Fuel-Gauge Ver 03
[    2.516789] device-mapper: uevent: version 1.0.3
[    2.520907] device-mapper: ioctl: 4.20.0-ioctl (2011-02-02) initialised: dm-devel@redhat.com
[    2.529098] Bluetooth: HCI UART driver ver 2.2
[    2.533423] Bluetooth: HCI H4 protocol initialized
[    2.538240] cpuidle: using governor ladder
[    2.542387] cpuidle: using governor menu
[    2.546193] sdhci: Secure Digital Host Controller Interface driver
[    2.552372] sdhci: Copyright(c) Pierre Ossman
[    2.556736] s3c-sdhci s3c-sdhci.0: clock source 0: hsmmc (133400000 Hz)
[    2.563316] s3c-sdhci s3c-sdhci.0: clock source 2: sclk_mmc (51307692 Hz)
[    2.570914] mmc0: SDHCI controller on samsung-hsmmc [s3c-sdhci.0] using ADMA
[    2.577130] s3c-sdhci s3c-sdhci.1: clock source 0: hsmmc (133400000 Hz)
[    2.583614] s3c-sdhci s3c-sdhci.1: clock source 2: sclk_mmc (47642857 Hz)
[    2.591577] mmc1: SDHCI controller on samsung-hsmmc [s3c-sdhci.1] using ADMA
[    2.597489] s3c-sdhci s3c-sdhci.2: clock source 0: hsmmc (133400000 Hz)
[    2.603975] s3c-sdhci s3c-sdhci.2: clock source 2: sclk_mmc (47642857 Hz)
[    2.610933] mmc2: SDHCI controller on samsung-hsmmc [s3c-sdhci.2] using ADMA
[    2.623021] usbcore: registered new interface driver usbhid
[    2.627302] usbhid: USB HID core driver
[    2.631280] logger: created 256K log 'log_main'
[    2.635689] logger: created 256K log 'log_events'
[    2.640283] logger: created 256K log 'log_radio'
[    2.644945] logger: created 256K log 'log_system'
[    2.650486] WM8994 Audio Codec 0.1
[    2.668469] wm8994_set_mic_bias: HWREV=13, on=0
[    2.671680] wm8994_extensions: initializing driver v10
[    2.686913] s3c_idma_preallocate_buffer:  VA-e80c0000  PA-C0000000  163840bytes
[    2.693189] asoc: WM8994 PAIFRX <-> samsung-i2s.0 mapping ok
[    2.698790] ALSA device list:
[    2.701409]   #0: smdkc110
[    2.704111] oprofile: hardware counters not available
[    2.709135] oprofile: using timer interrupt.
[    2.713681] GACT probability NOT on
[    2.716843] Mirror/redirect action on
[    2.720491] u32 classifier
[    2.723169]     Actions configured
[    2.726629] Netfilter messages via NETLINK v0.30.
[    2.731268] nf_conntrack version 0.5.0 (5908 buckets, 23632 max)
[    2.738016] ctnetlink v0.93: registering with nfnetlink.
[    2.743556] NF_TPROXY: Transparent proxy support initialized, version 4.1.0
[    2.749478] NF_TPROXY: Copyright (c) 2006-2007 BalaBit IT Ltd.
[    2.755415] xt_time: kernel timezone is -0000
[    2.764316] ip_tables: (C) 2000-2006 Netfilter Core Team
[    2.768420] arp_tables: (C) 2002 David S. Miller
[    2.772963] TCP cubic registered
[    2.776830] NET: Registered protocol family 10
[    2.785515] Mobile IPv6
[    2.786577] ip6_tables: (C) 2000-2006 Netfilter Core Team
[    2.792262] IPv6 over IPv4 tunneling driver
[    2.801573] NET: Registered protocol family 17
[    2.804710] NET: Registered protocol family 15
[    2.809144] Bluetooth: RFCOMM TTY layer initialized
[    2.817141] Bluetooth: RFCOMM socket layer initialized
[    2.820941] Bluetooth: RFCOMM ver 1.11
[    2.824602] Bluetooth: BNEP (Ethernet Emulation) ver 1.3
[    2.829953] Bluetooth: HIDP (Human Interface Emulation) ver 1.2
[    2.836930] NET: Registered protocol family 35
[    2.840371] VFP support v0.3: implementor 41 architecture 3 part 30 variant c rev 2
[    2.847830] ThumbEE CPU extension supported.
[    2.855544] s5pv210_cpufreq_init: S5PV210 cpu-freq driver
[    2.862787] regulator_init_complete: pd_mfc_supply: disabling
[    2.867207] regulator_init_complete: pd_tv_supply: disabling
[    2.872768] regulator_init_complete: pd_cam_supply: disabling
[    2.879720] ## wifi_probe
[    2.881075] wifi_set_power = 1
[    2.967529] wifi_set_carddetect = 1
[    2.970790]
[    2.970817] Dongle Host Driver, version 5.90.125.94.1
[    2.970859] Compiled in drivers/net/wireless/bcmdhd on Jul 29 2012 at 04:17:02
[    3.124781] mmc2: new high speed SDHC card at address 6b1e
[    3.131049] mmcblk0: mmc2:6b1e SD04G 3.69 GiB
[    3.138911]  mmcblk0: p1 p2
[    3.232313] mmc1: queuing unknown CIS tuple 0x80 (50 bytes)
[    3.247499] mmc1: queuing unknown CIS tuple 0x80 (7 bytes)
[    3.290232] mmc1: queuing unknown CIS tuple 0x80 (3 bytes)
[    3.306401] mmc1: new SDIO card at address 0001
[    3.314504] F1 signature read @0x18000000=0x9934329
[    3.328168] DHD: dongle ram size is set to 294912(orig 294912)
[    3.338067] wl_create_event_handler thr:37 started
[    3.341632] dhd_attach thr:38 started
[    3.345128] dhd_attach thr:39 started
[    3.348817] dhd_attach thr:3a started
[    3.352471] wifi_get_mac_addr
[    3.357314] Broadcom Dongle Host Driver: register interface [wlan0] MAC: 00:90:4c:11:22:33
[    3.364226] wifi_set_power = 0
[    3.367193] =========== WLAN placed in RESET ========
[    3.372371] bcmsdh_sdmmc: probe of mmc1:0001:3 failed with error -110
[    3.378821] input: cypress-touchkey as /devices/virtual/input/input8
[    3.413217] cypress_touchkey_driver 10-0020: cypress_touchkey_probe: hardware rev1 = 0xf, rev2 = 0x3
[    3.422492] s3c-rtc s3c2410-rtc: rtc disabled, re-enabling
[    3.426752] s3c-rtc s3c2410-rtc: setting system clock to 2012-07-29 11:25:08 UTC (1343561108)
[    3.436993] FIMC0 registered successfully
[    3.441115] FIMC1 registered successfully
[    3.445309] FIMC2 registered successfully
[    3.448105] S5P TVOUT Driver, (c) 2010 Samsung Electronics
[    3.454157] clk_get: could not find clock mout_vpll_src for dev s5p_device_tvout+0x8/0xd8 (s5p-tvout)
[    3.462775] failed to find clock "mout_vpll_src"
[    3.468183] s5p-tvout s5p-tvout: hpd status: cable removed/not connected
[    3.474036] s5p_tv_probe TV Probing is done
[    3.478100] max8998_charger_probe : MAX8998 Charger Driver Loading
[    3.485842] max8998_charger_probe : pmic interrupt registered
[    3.491035] check_lpm_charging_mode : lpm_charging_mode(0)
[    3.496070] wake enabled for irq 39
[    3.503273] Warning: unable to open an initial console.
[    3.507265] Freeing init memory: 768K
[    3.545523] Kernel panic - not syncing: Attempted to kill init!
[    3.550136] Backtrace:
[    3.552469] [<c00d245c>] (dump_backtrace+0x0/0x10c) from [<c05b0cbc>] (dump_stack+0x18/0x1c)
[    3.560942]  r7:e783c000 r6:00000067 r5:c0a76150 r4:c0aae028
[    3.566490] [<c05b0ca4>] (dump_stack+0x0/0x1c) from [<c05b0d3c>] (panic+0x7c/0x1a8)
[    3.574185] [<c05b0cc0>] (panic+0x0/0x1a8) from [<c00f68f0>] (do_exit+0x6d0/0x734)
[    3.581715]  r3:c0a77764 r2:e783e000 r1:e783e000 r0:c09d1ea8
[    3.587287] [<c00f6220>] (do_exit+0x0/0x734) from [<c00f6998>] (do_group_exit+0x44/0xd8)
[    3.595412] [<c00f6954>] (do_group_exit+0x0/0xd8) from [<c00f6a44>] (sys_exit_group+0x18/0x20)
[    3.603986]  r5:bef61ef8 r4:00000000
[    3.607486] [<c00f6a2c>] (sys_exit_group+0x0/0x20) from [<c00ce780>] (ret_fast_syscall+0x0/0x30)
[    3.616297] Rebooting in 5 seconds..
